I'm sorry, but errors were detected in your script. Please correct the
errors listed below, and try again.


File "game/chp1.rpy", line 62: Line is followed by a block, despite not being a menu choice. Did you forget a colon at the end of the line?
    "Go help the person"
                        ^

Ren'Py Version: Ren'Py 8.3.7.25031702
Wed Jul 30 17:37:17 2025
